#2026 06 13 13:02:25.434#Z#DEBUG#f52eb3fc-6727-11f1-bc0c-eeee0a9c2b38.product-srv#flowable-async-job-executor-thread-35303#
[PollStageAppStatusExecution] 84556bbe-1d34-4871-9c5c-d66f80cf69c4 [2026-06-13T13:01:27.993604] Added process: "web" (STDOUT, API)#
#2026 06 13 13:02:25.434#Z#DEBUG#f52eb3fc-6727-11f1-bc0c-eeee0a9c2b38.product-srv#flowable-async-job-executor-thread-35303#
[PollStageAppStatusExecution] 84556bbe-1d34-4871-9c5c-d66f80cf69c4 [2026-06-13T13:01:28.000744] Created app with guid 84556bbe-1d34-4871-9c5c-d66f80cf69c4 (STDOUT, API)#
#2026 06 13 13:02:25.434#Z#DEBUG#f52eb3fc-6727-11f1-bc0c-eeee0a9c2b38.product-srv#flowable-async-job-executor-thread-35303#
[PollStageAppStatusExecution] 84556bbe-1d34-4871-9c5c-d66f80cf69c4 [2026-06-13T13:01:28.089924] Updating process: "web" (STDOUT, API)#
#2026 06 13 13:02:25.434#Z#DEBUG#f52eb3fc-6727-11f1-bc0c-eeee0a9c2b38.product-srv#flowable-async-job-executor-thread-35303#
[PollStageAppStatusExecution] 84556bbe-1d34-4871-9c5c-d66f80cf69c4 [2026-06-13T13:01:28.149398] Scaling process: "web" (STDOUT, API)#
#2026 06 13 13:02:25.434#Z#DEBUG#f52eb3fc-6727-11f1-bc0c-eeee0a9c2b38.product-srv#flowable-async-job-executor-thread-35303#
[PollStageAppStatusExecution] 84556bbe-1d34-4871-9c5c-d66f80cf69c4 [2026-06-13T13:01:55.725271] Uploading app package for app with guid 84556bbe-1d34-4871-9c5c-d66f80cf69c4 (STDOUT, API)#
#2026 06 13 13:02:25.434#Z#DEBUG#f52eb3fc-6727-11f1-bc0c-eeee0a9c2b38.product-srv#flowable-async-job-executor-thread-35303#
[PollStageAppStatusExecution] 84556bbe-1d34-4871-9c5c-d66f80cf69c4 [2026-06-13T13:01:55.910351] Updated app with guid 84556bbe-1d34-4871-9c5c-d66f80cf69c4 ({"environment_variables"=>"[PRIVATE DATA HIDDEN]"}) (STDOUT, API)#
#2026 06 13 13:02:25.434#Z#DEBUG#f52eb3fc-6727-11f1-bc0c-eeee0a9c2b38.product-srv#flowable-async-job-executor-thread-35303#
[PollStageAppStatusExecution] 84556bbe-1d34-4871-9c5c-d66f80cf69c4 [2026-06-13T13:02:15.559595] Creating build for app with guid 84556bbe-1d34-4871-9c5c-d66f80cf69c4 (STDOUT, API)#
#2026 06 13 13:02:25.434#Z#DEBUG#f52eb3fc-6727-11f1-bc0c-eeee0a9c2b38.product-srv#flowable-async-job-executor-thread-35303#
[PollStageAppStatusExecution] 84556bbe-1d34-4871-9c5c-d66f80cf69c4 [2026-06-13T13:02:16.123505] Downloading nodejs_buildpack... (STDOUT, STG)#
#2026 06 13 13:02:25.434#Z#DEBUG#f52eb3fc-6727-11f1-bc0c-eeee0a9c2b38.product-srv#flowable-async-job-executor-thread-35303#
[PollStageAppStatusExecution] 84556bbe-1d34-4871-9c5c-d66f80cf69c4 [2026-06-13T13:02:16.170900] Downloaded nodejs_buildpack (STDOUT, STG)#
#2026 06 13 13:02:25.434#Z#DEBUG#f52eb3fc-6727-11f1-bc0c-eeee0a9c2b38.product-srv#flowable-async-job-executor-thread-35303#
[PollStageAppStatusExecution] 84556bbe-1d34-4871-9c5c-d66f80cf69c4 [2026-06-13T13:02:16.171043] Cell 77283d80-dfa7-40ba-ba4e-265aef112085 creating container for instance ebc95f37-2156-4d1d-a462-c51a785d5ed7 (STDOUT, STG)#
#2026 06 13 13:02:25.434#Z#DEBUG#f52eb3fc-6727-11f1-bc0c-eeee0a9c2b38.product-srv#flowable-async-job-executor-thread-35303#
[PollStageAppStatusExecution] 84556bbe-1d34-4871-9c5c-d66f80cf69c4 [2026-06-13T13:02:16.996765] Security group rules were updated (STDOUT, STG)#
#2026 06 13 13:02:25.434#Z#DEBUG#f52eb3fc-6727-11f1-bc0c-eeee0a9c2b38.product-srv#flowable-async-job-executor-thread-35303#
[PollStageAppStatusExecution] 84556bbe-1d34-4871-9c5c-d66f80cf69c4 [2026-06-13T13:02:17.098661] Cell 77283d80-dfa7-40ba-ba4e-265aef112085 successfully created container for instance ebc95f37-2156-4d1d-a462-c51a785d5ed7 (STDOUT, STG)#
#2026 06 13 13:02:25.434#Z#DEBUG#f52eb3fc-6727-11f1-bc0c-eeee0a9c2b38.product-srv#flowable-async-job-executor-thread-35303#
[PollStageAppStatusExecution] 84556bbe-1d34-4871-9c5c-d66f80cf69c4 [2026-06-13T13:02:18.212063] Downloading app package... (STDOUT, STG)#
#2026 06 13 13:02:25.434#Z#DEBUG#f52eb3fc-6727-11f1-bc0c-eeee0a9c2b38.product-srv#flowable-async-job-executor-thread-35303#
[PollStageAppStatusExecution] 84556bbe-1d34-4871-9c5c-d66f80cf69c4 [2026-06-13T13:02:20.071621] Downloaded app package (11.5M) (STDOUT, STG)#
#2026 06 13 13:02:25.434#Z#DEBUG#f52eb3fc-6727-11f1-bc0c-eeee0a9c2b38.product-srv#flowable-async-job-executor-thread-35303#
[PollStageAppStatusExecution] 84556bbe-1d34-4871-9c5c-d66f80cf69c4 [2026-06-13T13:02:20.208774] -----> Nodejs Buildpack version 1.9.1 (STDOUT, STG)#
#2026 06 13 13:02:25.434#Z#DEBUG#f52eb3fc-6727-11f1-bc0c-eeee0a9c2b38.product-srv#flowable-async-job-executor-thread-35303#
[PollStageAppStatusExecution] 84556bbe-1d34-4871-9c5c-d66f80cf69c4 [2026-06-13T13:02:20.672706] -----> Bootstrapping python (STDOUT, STG)#
#2026 06 13 13:02:25.434#Z#DEBUG#f52eb3fc-6727-11f1-bc0c-eeee0a9c2b38.product-srv#flowable-async-job-executor-thread-35303#
[PollStageAppStatusExecution] 84556bbe-1d34-4871-9c5c-d66f80cf69c4 [2026-06-13T13:02:20.672755] -----> Installing python 3.13.13 (STDOUT, STG)#
#2026 06 13 13:02:25.434#Z#DEBUG#f52eb3fc-6727-11f1-bc0c-eeee0a9c2b38.product-srv#flowable-async-job-executor-thread-35303#
[PollStageAppStatusExecution] 84556bbe-1d34-4871-9c5c-d66f80cf69c4 [2026-06-13T13:02:20.672835] Copy [/tmp/buildpacks/ac648aa71a7866ca/dependencies/268a5e3743d51a14b86ea9da64439307/python_3.13.13_linux_x64_cflinuxfs4_8311abbf.tgz] (STDOUT, STG)#
#2026 06 13 13:02:35.450#Z#DEBUG#f52eb3fc-6727-11f1-bc0c-eeee0a9c2b38.product-srv#flowable-async-job-executor-thread-35309#
[PollStageAppStatusExecution] 84556bbe-1d34-4871-9c5c-d66f80cf69c4 [2026-06-13T13:02:25.408372] -----> Installing binaries (STDOUT, STG)#
#2026 06 13 13:02:35.450#Z#DEBUG#f52eb3fc-6727-11f1-bc0c-eeee0a9c2b38.product-srv#flowable-async-job-executor-thread-35309#
[PollStageAppStatusExecution] 84556bbe-1d34-4871-9c5c-d66f80cf69c4 [2026-06-13T13:02:25.408493] engines.node (package.json): >=20 (STDOUT, STG)#
#2026 06 13 13:02:35.450#Z#DEBUG#f52eb3fc-6727-11f1-bc0c-eeee0a9c2b38.product-srv#flowable-async-job-executor-thread-35309#
[PollStageAppStatusExecution] 84556bbe-1d34-4871-9c5c-d66f80cf69c4 [2026-06-13T13:02:25.408509] engines.npm (package.json): unspecified (use default) (STDOUT, STG)#
#2026 06 13 13:02:35.450#Z#DEBUG#f52eb3fc-6727-11f1-bc0c-eeee0a9c2b38.product-srv#flowable-async-job-executor-thread-35309#
[PollStageAppStatusExecution] 84556bbe-1d34-4871-9c5c-d66f80cf69c4 [2026-06-13T13:02:25.408531] [31;1m**WARNING**[0m Dangerous semver range (>) in engines.node. See: http://docs.cloudfoundry.org/buildpacks/node/node-tips.html (STDOUT, STG)#
#2026 06 13 13:02:35.450#Z#DEBUG#f52eb3fc-6727-11f1-bc0c-eeee0a9c2b38.product-srv#flowable-async-job-executor-thread-35309#
[PollStageAppStatusExecution] 84556bbe-1d34-4871-9c5c-d66f80cf69c4 [2026-06-13T13:02:25.408804] -----> Installing node 24.15.0 (STDOUT, STG)#
#2026 06 13 13:02:35.450#Z#DEBUG#f52eb3fc-6727-11f1-bc0c-eeee0a9c2b38.product-srv#flowable-async-job-executor-thread-35309#
[PollStageAppStatusExecution] 84556bbe-1d34-4871-9c5c-d66f80cf69c4 [2026-06-13T13:02:25.408920] Copy [/tmp/buildpacks/ac648aa71a7866ca/dependencies/6441e97e6386f47ec4c16cfdf8db0a17/node_24.15.0_linux_x64_cflinuxfs4_1a62d98b.tgz] (STDOUT, STG)#
#2026 06 13 13:02:35.450#Z#DEBUG#f52eb3fc-6727-11f1-bc0c-eeee0a9c2b38.product-srv#flowable-async-job-executor-thread-35309#
[PollStageAppStatusExecution] 84556bbe-1d34-4871-9c5c-d66f80cf69c4 [2026-06-13T13:02:28.408446] Using default npm version: 11.12.1 (STDOUT, STG)#
#2026 06 13 13:02:35.450#Z#DEBUG#f52eb3fc-6727-11f1-bc0c-eeee0a9c2b38.product-srv#flowable-async-job-executor-thread-35309#
[PollStageAppStatusExecution] 84556bbe-1d34-4871-9c5c-d66f80cf69c4 [2026-06-13T13:02:28.408475] -----> Installing yarn 1.22.22 (STDOUT, STG)#
#2026 06 13 13:02:35.450#Z#DEBUG#f52eb3fc-6727-11f1-bc0c-eeee0a9c2b38.product-srv#flowable-async-job-executor-thread-35309#
[PollStageAppStatusExecution] 84556bbe-1d34-4871-9c5c-d66f80cf69c4 [2026-06-13T13:02:28.408606] Copy [/tmp/buildpacks/ac648aa71a7866ca/dependencies/e4fe26756e9984a665478d350474fa2e/yarn_1.22.22_linux_noarch_any-stack_b6132b86.tgz] (STDOUT, STG)#
#2026 06 13 13:02:35.450#Z#DEBUG#f52eb3fc-6727-11f1-bc0c-eeee0a9c2b38.product-srv#flowable-async-job-executor-thread-35309#
[PollStageAppStatusExecution] 84556bbe-1d34-4871-9c5c-d66f80cf69c4 [2026-06-13T13:02:28.804251] Installed yarn 1.22.22 (STDOUT, STG)#
#2026 06 13 13:02:35.450#Z#DEBUG#f52eb3fc-6727-11f1-bc0c-eeee0a9c2b38.product-srv#flowable-async-job-executor-thread-35309#
[PollStageAppStatusExecution] 84556bbe-1d34-4871-9c5c-d66f80cf69c4 [2026-06-13T13:02:28.804329] -----> Creating runtime environment (STDOUT, STG)#
#2026 06 13 13:02:35.450#Z#DEBUG#f52eb3fc-6727-11f1-bc0c-eeee0a9c2b38.product-srv#flowable-async-job-executor-thread-35309#
[PollStageAppStatusExecution] 84556bbe-1d34-4871-9c5c-d66f80cf69c4 [2026-06-13T13:02:28.806671] NODE_ENV=production (STDOUT, STG)#
#2026 06 13 13:02:35.450#Z#DEBUG#f52eb3fc-6727-11f1-bc0c-eeee0a9c2b38.product-srv#flowable-async-job-executor-thread-35309#
[PollStageAppStatusExecution] 84556bbe-1d34-4871-9c5c-d66f80cf69c4 [2026-06-13T13:02:28.806701] NODE_HOME=/tmp/contents794265535/deps/0/node (STDOUT, STG)#
#2026 06 13 13:02:35.450#Z#DEBUG#f52eb3fc-6727-11f1-bc0c-eeee0a9c2b38.product-srv#flowable-async-job-executor-thread-35309#
[PollStageAppStatusExecution] 84556bbe-1d34-4871-9c5c-d66f80cf69c4 [2026-06-13T13:02:28.806727] NODE_MODULES_CACHE=true (STDOUT, STG)#
#2026 06 13 13:02:35.450#Z#DEBUG#f52eb3fc-6727-11f1-bc0c-eeee0a9c2b38.product-srv#flowable-async-job-executor-thread-35309#
[PollStageAppStatusExecution] 84556bbe-1d34-4871-9c5c-d66f80cf69c4 [2026-06-13T13:02:28.806729] NODE_VERBOSE=false (STDOUT, STG)#
#2026 06 13 13:02:35.450#Z#DEBUG#f52eb3fc-6727-11f1-bc0c-eeee0a9c2b38.product-srv#flowable-async-job-executor-thread-35309#
[PollStageAppStatusExecution] 84556bbe-1d34-4871-9c5c-d66f80cf69c4 [2026-06-13T13:02:28.806732] NPM_CONFIG_LOGLEVEL=error (STDOUT, STG)#
#2026 06 13 13:02:35.450#Z#DEBUG#f52eb3fc-6727-11f1-bc0c-eeee0a9c2b38.product-srv#flowable-async-job-executor-thread-35309#
[PollStageAppStatusExecution] 84556bbe-1d34-4871-9c5c-d66f80cf69c4 [2026-06-13T13:02:28.806785] NPM_CONFIG_PRODUCTION=true (STDOUT, STG)#
#2026 06 13 13:02:35.450#Z#DEBUG#f52eb3fc-6727-11f1-bc0c-eeee0a9c2b38.product-srv#flowable-async-job-executor-thread-35309#
[PollStageAppStatusExecution] 84556bbe-1d34-4871-9c5c-d66f80cf69c4 [2026-06-13T13:02:28.806894] -----> Building dependencies (STDOUT, STG)#
#2026 06 13 13:02:35.450#Z#DEBUG#f52eb3fc-6727-11f1-bc0c-eeee0a9c2b38.product-srv#flowable-async-job-executor-thread-35309#
[PollStageAppStatusExecution] 84556bbe-1d34-4871-9c5c-d66f80cf69c4 [2026-06-13T13:02:28.806961] Prebuild detected (node_modules already exists) (STDOUT, STG)#
#2026 06 13 13:02:35.450#Z#DEBUG#f52eb3fc-6727-11f1-bc0c-eeee0a9c2b38.product-srv#flowable-async-job-executor-thread-35309#
[PollStageAppStatusExecution] 84556bbe-1d34-4871-9c5c-d66f80cf69c4 [2026-06-13T13:02:28.807077] Rebuilding any native modules (STDOUT, STG)#
#2026 06 13 13:02:35.450#Z#DEBUG#f52eb3fc-6727-11f1-bc0c-eeee0a9c2b38.product-srv#flowable-async-job-executor-thread-35309#
[PollStageAppStatusExecution] 84556bbe-1d34-4871-9c5c-d66f80cf69c4 [2026-06-13T13:02:29.801327] rebuilt dependencies successfully (STDOUT, STG)#
#2026 06 13 13:02:35.450#Z#DEBUG#f52eb3fc-6727-11f1-bc0c-eeee0a9c2b38.product-srv#flowable-async-job-executor-thread-35309#
[PollStageAppStatusExecution] 84556bbe-1d34-4871-9c5c-d66f80cf69c4 [2026-06-13T13:02:29.803351] npm notice (STDOUT, STG)#
#2026 06 13 13:02:35.450#Z#DEBUG#f52eb3fc-6727-11f1-bc0c-eeee0a9c2b38.product-srv#flowable-async-job-executor-thread-35309#
[PollStageAppStatusExecution] 84556bbe-1d34-4871-9c5c-d66f80cf69c4 [2026-06-13T13:02:29.803379] npm notice New minor version of npm available! 11.12.1 -> 11.17.0 (STDOUT, STG)#
#2026 06 13 13:02:35.450#Z#DEBUG#f52eb3fc-6727-11f1-bc0c-eeee0a9c2b38.product-srv#flowable-async-job-executor-thread-35309#
[PollStageAppStatusExecution] 84556bbe-1d34-4871-9c5c-d66f80cf69c4 [2026-06-13T13:02:29.803386] npm notice Changelog: https://github.com/npm/cli/releases/tag/v11.17.0 (STDOUT, STG)#
#2026 06 13 13:02:35.450#Z#DEBUG#f52eb3fc-6727-11f1-bc0c-eeee0a9c2b38.product-srv#flowable-async-job-executor-thread-35309#
[PollStageAppStatusExecution] 84556bbe-1d34-4871-9c5c-d66f80cf69c4 [2026-06-13T13:02:29.803391] npm notice To update run: npm install -g npm@11.17.0 (STDOUT, STG)#
#2026 06 13 13:02:35.450#Z#DEBUG#f52eb3fc-6727-11f1-bc0c-eeee0a9c2b38.product-srv#flowable-async-job-executor-thread-35309#
[PollStageAppStatusExecution] 84556bbe-1d34-4871-9c5c-d66f80cf69c4 [2026-06-13T13:02:29.803394] npm notice (STDOUT, STG)#
#2026 06 13 13:02:35.450#Z#DEBUG#f52eb3fc-6727-11f1-bc0c-eeee0a9c2b38.product-srv#flowable-async-job-executor-thread-35309#
[PollStageAppStatusExecution] 84556bbe-1d34-4871-9c5c-d66f80cf69c4 [2026-06-13T13:02:29.873770] Installing any new modules (package.json + package-lock.json) (STDOUT, STG)#
#2026 06 13 13:02:35.450#Z#DEBUG#f52eb3fc-6727-11f1-bc0c-eeee0a9c2b38.product-srv#flowable-async-job-executor-thread-35309#
[PollStageAppStatusExecution] 84556bbe-1d34-4871-9c5c-d66f80cf69c4 [2026-06-13T13:02:31.125969] removed 75 packages in 1s (STDOUT, STG)#
#2026 06 13 13:02:35.450#Z#DEBUG#f52eb3fc-6727-11f1-bc0c-eeee0a9c2b38.product-srv#flowable-async-job-executor-thread-35309#
[PollStageAppStatusExecution] 84556bbe-1d34-4871-9c5c-d66f80cf69c4 [2026-06-13T13:02:31.126187] 36 packages are looking for funding (STDOUT, STG)#
#2026 06 13 13:02:35.450#Z#DEBUG#f52eb3fc-6727-11f1-bc0c-eeee0a9c2b38.product-srv#flowable-async-job-executor-thread-35309#
[PollStageAppStatusExecution] 84556bbe-1d34-4871-9c5c-d66f80cf69c4 [2026-06-13T13:02:31.126277] run `npm fund` for details (STDOUT, STG)#
#2026 06 13 13:02:35.450#Z#DEBUG#f52eb3fc-6727-11f1-bc0c-eeee0a9c2b38.product-srv#flowable-async-job-executor-thread-35309#
[PollStageAppStatusExecution] 84556bbe-1d34-4871-9c5c-d66f80cf69c4 [2026-06-13T13:02:32.618557] Contrast Security no credentials found. Will not write environment files. (STDOUT, STG)#
#2026 06 13 13:02:45.493#Z#DEBUG#f52eb3fc-6727-11f1-bc0c-eeee0a9c2b38.product-srv#flowable-async-job-executor-thread-35312#
[PollStageAppStatusExecution] 84556bbe-1d34-4871-9c5c-d66f80cf69c4 [2026-06-13T13:02:45.061914] Exit status 0 (STDOUT, STG)#
#2026 06 13 13:02:45.493#Z#DEBUG#f52eb3fc-6727-11f1-bc0c-eeee0a9c2b38.product-srv#flowable-async-job-executor-thread-35312#
[PollStageAppStatusExecution] 84556bbe-1d34-4871-9c5c-d66f80cf69c4 [2026-06-13T13:02:45.061985] Uploading droplet, build artifacts cache... (STDOUT, STG)#
#2026 06 13 13:02:45.493#Z#DEBUG#f52eb3fc-6727-11f1-bc0c-eeee0a9c2b38.product-srv#flowable-async-job-executor-thread-35312#
[PollStageAppStatusExecution] 84556bbe-1d34-4871-9c5c-d66f80cf69c4 [2026-06-13T13:02:45.062034] Uploading build artifacts cache... (STDOUT, STG)#
#2026 06 13 13:02:45.493#Z#DEBUG#f52eb3fc-6727-11f1-bc0c-eeee0a9c2b38.product-srv#flowable-async-job-executor-thread-35312#
[PollStageAppStatusExecution] 84556bbe-1d34-4871-9c5c-d66f80cf69c4 [2026-06-13T13:02:45.062072] Uploading droplet... (STDOUT, STG)#
#2026 06 13 13:02:45.493#Z#DEBUG#f52eb3fc-6727-11f1-bc0c-eeee0a9c2b38.product-srv#flowable-async-job-executor-thread-35312#
[PollStageAppStatusExecution] 84556bbe-1d34-4871-9c5c-d66f80cf69c4 [2026-06-13T13:02:45.095067] Uploaded build artifacts cache (216B) (STDOUT, STG)#
#2026 06 13 13:02:55.468#Z#DEBUG#f52eb3fc-6727-11f1-bc0c-eeee0a9c2b38.product-srv#flowable-async-job-executor-thread-35316#
[PollStageAppStatusExecution] 84556bbe-1d34-4871-9c5c-d66f80cf69c4 [2026-06-13T13:02:45.984893] Creating droplet for app with guid 84556bbe-1d34-4871-9c5c-d66f80cf69c4 (STDOUT, API)#
#2026 06 13 13:02:55.468#Z#DEBUG#f52eb3fc-6727-11f1-bc0c-eeee0a9c2b38.product-srv#flowable-async-job-executor-thread-35316#
[PollStageAppStatusExecution] 84556bbe-1d34-4871-9c5c-d66f80cf69c4 [2026-06-13T13:02:50.063452] Uploaded droplet (62.6M) (STDOUT, STG)#
#2026 06 13 13:02:55.468#Z#DEBUG#f52eb3fc-6727-11f1-bc0c-eeee0a9c2b38.product-srv#flowable-async-job-executor-thread-35316#
[PollStageAppStatusExecution] 84556bbe-1d34-4871-9c5c-d66f80cf69c4 [2026-06-13T13:02:50.088331] Uploading complete (STDOUT, STG)#
#2026 06 13 13:02:55.468#Z#DEBUG#f52eb3fc-6727-11f1-bc0c-eeee0a9c2b38.product-srv#flowable-async-job-executor-thread-35316#
[PollStageAppStatusExecution] 84556bbe-1d34-4871-9c5c-d66f80cf69c4 [2026-06-13T13:02:50.841249] Cell 77283d80-dfa7-40ba-ba4e-265aef112085 stopping instance ebc95f37-2156-4d1d-a462-c51a785d5ed7 (STDOUT, STG)#
#2026 06 13 13:02:55.468#Z#DEBUG#f52eb3fc-6727-11f1-bc0c-eeee0a9c2b38.product-srv#flowable-async-job-executor-thread-35316#
[PollStageAppStatusExecution] 84556bbe-1d34-4871-9c5c-d66f80cf69c4 [2026-06-13T13:02:50.841294] Cell 77283d80-dfa7-40ba-ba4e-265aef112085 destroying container for instance ebc95f37-2156-4d1d-a462-c51a785d5ed7 (STDOUT, STG)#
#2026 06 13 13:02:55.468#Z#DEBUG#f52eb3fc-6727-11f1-bc0c-eeee0a9c2b38.product-srv#flowable-async-job-executor-thread-35316#
[PollStageAppStatusExecution] 84556bbe-1d34-4871-9c5c-d66f80cf69c4 [2026-06-13T13:02:50.920282] Staging complete for build ebc95f37-2156-4d1d-a462-c51a785d5ed7 (STDOUT, API)#
#2026 06 13 13:02:55.468#Z#DEBUG#f52eb3fc-6727-11f1-bc0c-eeee0a9c2b38.product-srv#flowable-async-job-executor-thread-35316#
[PollStageAppStatusExecution] 84556bbe-1d34-4871-9c5c-d66f80cf69c4 [2026-06-13T13:02:54.128390] Cell 77283d80-dfa7-40ba-ba4e-265aef112085 successfully destroyed container for instance ebc95f37-2156-4d1d-a462-c51a785d5ed7 (STDOUT, STG)#
#2026 06 13 13:03:05.502#Z#DEBUG#f52eb3fc-6727-11f1-bc0c-eeee0a9c2b38.product-srv#flowable-async-job-executor-thread-35321#
[PollStartAppStatusExecution] 84556bbe-1d34-4871-9c5c-d66f80cf69c4 [2026-06-13T13:02:55.550743] Updated app with guid 84556bbe-1d34-4871-9c5c-d66f80cf69c4 ({:droplet_guid=>"410d04c1-8c0d-4f07-917d-d5d209f9c8e3"}) (STDOUT, API)#
#2026 06 13 13:03:05.502#Z#DEBUG#f52eb3fc-6727-11f1-bc0c-eeee0a9c2b38.product-srv#flowable-async-job-executor-thread-35321#
[PollStartAppStatusExecution] 84556bbe-1d34-4871-9c5c-d66f80cf69c4 [2026-06-13T13:02:55.735883] Creating revision for app with guid 84556bbe-1d34-4871-9c5c-d66f80cf69c4 (STDOUT, API)#
#2026 06 13 13:03:05.502#Z#DEBUG#f52eb3fc-6727-11f1-bc0c-eeee0a9c2b38.product-srv#flowable-async-job-executor-thread-35321#
[PollStartAppStatusExecution] 84556bbe-1d34-4871-9c5c-d66f80cf69c4 [2026-06-13T13:02:55.774505] Starting app with guid 84556bbe-1d34-4871-9c5c-d66f80cf69c4 (STDOUT, API)#
#2026 06 13 13:03:05.502#Z#DEBUG#f52eb3fc-6727-11f1-bc0c-eeee0a9c2b38.product-srv#flowable-async-job-executor-thread-35321#
[PollStartAppStatusExecution] 84556bbe-1d34-4871-9c5c-d66f80cf69c4 [2026-06-13T13:02:56.009687] Cell 77283d80-dfa7-40ba-ba4e-265aef112085 creating container for instance fa9d243f-d897-40ed-589c-ffb7 (STDOUT, CELL)#
#2026 06 13 13:03:05.502#Z#DEBUG#f52eb3fc-6727-11f1-bc0c-eeee0a9c2b38.product-srv#flowable-async-job-executor-thread-35321#
[PollStartAppStatusExecution] 84556bbe-1d34-4871-9c5c-d66f80cf69c4 [2026-06-13T13:02:56.893101] Security group rules were updated (STDOUT, CELL)#
#2026 06 13 13:03:05.502#Z#DEBUG#f52eb3fc-6727-11f1-bc0c-eeee0a9c2b38.product-srv#flowable-async-job-executor-thread-35321#
[PollStartAppStatusExecution] 84556bbe-1d34-4871-9c5c-d66f80cf69c4 [2026-06-13T13:02:57.005562] Cell 77283d80-dfa7-40ba-ba4e-265aef112085 successfully created container for instance fa9d243f-d897-40ed-589c-ffb7 (STDOUT, CELL)#
#2026 06 13 13:03:05.502#Z#DEBUG#f52eb3fc-6727-11f1-bc0c-eeee0a9c2b38.product-srv#flowable-async-job-executor-thread-35321#
[PollStartAppStatusExecution] 84556bbe-1d34-4871-9c5c-d66f80cf69c4 [2026-06-13T13:02:58.851905] Downloading droplet... (STDOUT, CELL)#
#2026 06 13 13:03:05.502#Z#DEBUG#f52eb3fc-6727-11f1-bc0c-eeee0a9c2b38.product-srv#flowable-async-job-executor-thread-35321#
[PollStartAppStatusExecution] 84556bbe-1d34-4871-9c5c-d66f80cf69c4 [2026-06-13T13:03:03.976423] Downloaded droplet (62.6M) (STDOUT, CELL)#
#2026 06 13 13:03:05.502#Z#DEBUG#f52eb3fc-6727-11f1-bc0c-eeee0a9c2b38.product-srv#flowable-async-job-executor-thread-35321#
[PollStartAppStatusExecution] 84556bbe-1d34-4871-9c5c-d66f80cf69c4 [2026-06-13T13:03:03.976680] Starting health monitoring of container (STDOUT, CELL)#
#2026 06 13 13:03:05.502#Z#DEBUG#f52eb3fc-6727-11f1-bc0c-eeee0a9c2b38.product-srv#flowable-async-job-executor-thread-35321#
[PollStartAppStatusExecution] 84556bbe-1d34-4871-9c5c-d66f80cf69c4 [2026-06-13T13:03:04.158651] Invoking pre-start scripts. (STDOUT, APP/PROC/WEB)#
#2026 06 13 13:03:05.502#Z#DEBUG#f52eb3fc-6727-11f1-bc0c-eeee0a9c2b38.product-srv#flowable-async-job-executor-thread-35321#
[PollStartAppStatusExecution] 84556bbe-1d34-4871-9c5c-d66f80cf69c4 [2026-06-13T13:03:04.407949] Invoking start command. (STDOUT, APP/PROC/WEB)#
#2026 06 13 13:03:05.502#Z#DEBUG#f52eb3fc-6727-11f1-bc0c-eeee0a9c2b38.product-srv#flowable-async-job-executor-thread-35321#
[PollStartAppStatusExecution] 84556bbe-1d34-4871-9c5c-d66f80cf69c4 [2026-06-13T13:03:04.968412] > product@1.0.0 start (STDOUT, APP/PROC/WEB)#
#2026 06 13 13:03:05.502#Z#DEBUG#f52eb3fc-6727-11f1-bc0c-eeee0a9c2b38.product-srv#flowable-async-job-executor-thread-35321#
[PollStartAppStatusExecution] 84556bbe-1d34-4871-9c5c-d66f80cf69c4 [2026-06-13T13:03:04.968446] > cds watch (STDOUT, APP/PROC/WEB)#
#2026 06 13 13:03:05.502#Z#DEBUG#f52eb3fc-6727-11f1-bc0c-eeee0a9c2b38.product-srv#flowable-async-job-executor-thread-35321#
[PollStartAppStatusExecution] 84556bbe-1d34-4871-9c5c-d66f80cf69c4 [2026-06-13T13:03:04.975175] sh: 1: cds: not found (STDERR, APP/PROC/WEB)#
#2026 06 13 13:03:05.502#Z#DEBUG#f52eb3fc-6727-11f1-bc0c-eeee0a9c2b38.product-srv#flowable-async-job-executor-thread-35321#
[PollStartAppStatusExecution] 84556bbe-1d34-4871-9c5c-d66f80cf69c4 [2026-06-13T13:03:05.068024] Exit status 127 (STDOUT, APP/PROC/WEB)#
#2026 06 13 13:03:15.480#Z#DEBUG#f52eb3fc-6727-11f1-bc0c-eeee0a9c2b38.product-srv#flowable-async-job-executor-thread-35326#
[PollStartAppStatusExecution] 84556bbe-1d34-4871-9c5c-d66f80cf69c4 [2026-06-13T13:03:12.681173] Cell 77283d80-dfa7-40ba-ba4e-265aef112085 stopping instance fa9d243f-d897-40ed-589c-ffb7 (STDOUT, CELL)#
#2026 06 13 13:03:15.480#Z#DEBUG#f52eb3fc-6727-11f1-bc0c-eeee0a9c2b38.product-srv#flowable-async-job-executor-thread-35326#
[PollStartAppStatusExecution] 84556bbe-1d34-4871-9c5c-d66f80cf69c4 [2026-06-13T13:03:12.681228] Cell 77283d80-dfa7-40ba-ba4e-265aef112085 destroying container for instance fa9d243f-d897-40ed-589c-ffb7 (STDOUT, CELL)#
#2026 06 13 13:03:15.480#Z#DEBUG#f52eb3fc-6727-11f1-bc0c-eeee0a9c2b38.product-srv#flowable-async-job-executor-thread-35326#
[PollStartAppStatusExecution] 84556bbe-1d34-4871-9c5c-d66f80cf69c4 [2026-06-13T13:03:12.687385] Process has crashed with type: "web" (STDOUT, API)#
#2026 06 13 13:03:15.480#Z#DEBUG#f52eb3fc-6727-11f1-bc0c-eeee0a9c2b38.product-srv#flowable-async-job-executor-thread-35326#
[PollStartAppStatusExecution] 84556bbe-1d34-4871-9c5c-d66f80cf69c4 [2026-06-13T13:03:12.700041] App instance exited with guid 84556bbe-1d34-4871-9c5c-d66f80cf69c4 payload: {"instance"=>"fa9d243f-d897-40ed-589c-ffb7", "index"=>0, "cell_id"=>"77283d80-dfa7-40ba-ba4e-265aef112085", "reason"=>"CRASHED", "exit_description"=>"APP/PROC/WEB: Exited with status 127", "crash_count"=>1, "crash_timestamp"=>1781355792663430064, "version"=>"4d4bd4ff-d584-45e7-9b9b-aa6be3fbe6a8"} (STDOUT, API)#
#2026 06 13 13:03:15.480#Z#DEBUG#f52eb3fc-6727-11f1-bc0c-eeee0a9c2b38.product-srv#flowable-async-job-executor-thread-35326#
[PollStartAppStatusExecution] 84556bbe-1d34-4871-9c5c-d66f80cf69c4 [2026-06-13T13:03:12.798596] Cell 684caff8-89cd-492b-be01-b3d0835f1763 creating container for instance b48f4ffc-d8f3-4ba2-7a11-56f1 (STDOUT, CELL)#
#2026 06 13 13:03:15.480#Z#DEBUG#f52eb3fc-6727-11f1-bc0c-eeee0a9c2b38.product-srv#flowable-async-job-executor-thread-35326#
[PollStartAppStatusExecution] 84556bbe-1d34-4871-9c5c-d66f80cf69c4 [2026-06-13T13:03:12.852121] Exit status 137 (STDOUT, PROXY)#
#2026 06 13 13:03:15.480#Z#DEBUG#f52eb3fc-6727-11f1-bc0c-eeee0a9c2b38.product-srv#flowable-async-job-executor-thread-35326#
[PollStartAppStatusExecution] 84556bbe-1d34-4871-9c5c-d66f80cf69c4 [2026-06-13T13:03:13.525647] Security group rules were updated (STDOUT, CELL)#
#2026 06 13 13:03:15.480#Z#DEBUG#f52eb3fc-6727-11f1-bc0c-eeee0a9c2b38.product-srv#flowable-async-job-executor-thread-35326#
[PollStartAppStatusExecution] 84556bbe-1d34-4871-9c5c-d66f80cf69c4 [2026-06-13T13:03:13.687671] Cell 684caff8-89cd-492b-be01-b3d0835f1763 successfully created container for instance b48f4ffc-d8f3-4ba2-7a11-56f1 (STDOUT, CELL)#
#2026 06 13 13:03:15.480#Z#DEBUG#f52eb3fc-6727-11f1-bc0c-eeee0a9c2b38.product-srv#flowable-async-job-executor-thread-35326#
[PollStartAppStatusExecution] 84556bbe-1d34-4871-9c5c-d66f80cf69c4 [2026-06-13T13:03:14.184511] Downloading droplet... (STDOUT, CELL)#
#2026 06 13 13:03:25.477#Z#DEBUG#f52eb3fc-6727-11f1-bc0c-eeee0a9c2b38.product-srv#flowable-async-job-executor-thread-35330#
[PollStartAppStatusExecution] 84556bbe-1d34-4871-9c5c-d66f80cf69c4 [2026-06-13T13:03:15.251936] Cell 77283d80-dfa7-40ba-ba4e-265aef112085 successfully destroyed container for instance fa9d243f-d897-40ed-589c-ffb7 (STDOUT, CELL)#
#2026 06 13 13:03:25.477#Z#DEBUG#f52eb3fc-6727-11f1-bc0c-eeee0a9c2b38.product-srv#flowable-async-job-executor-thread-35330#
[PollStartAppStatusExecution] 84556bbe-1d34-4871-9c5c-d66f80cf69c4 [2026-06-13T13:03:19.094839] Downloaded droplet (62.6M) (STDOUT, CELL)#
#2026 06 13 13:03:25.477#Z#DEBUG#f52eb3fc-6727-11f1-bc0c-eeee0a9c2b38.product-srv#flowable-async-job-executor-thread-35330#
[PollStartAppStatusExecution] 84556bbe-1d34-4871-9c5c-d66f80cf69c4 [2026-06-13T13:03:19.095069] Starting health monitoring of container (STDOUT, CELL)#
#2026 06 13 13:03:25.477#Z#DEBUG#f52eb3fc-6727-11f1-bc0c-eeee0a9c2b38.product-srv#flowable-async-job-executor-thread-35330#
[PollStartAppStatusExecution] 84556bbe-1d34-4871-9c5c-d66f80cf69c4 [2026-06-13T13:03:19.217126] Invoking pre-start scripts. (STDOUT, APP/PROC/WEB)#
#2026 06 13 13:03:25.477#Z#DEBUG#f52eb3fc-6727-11f1-bc0c-eeee0a9c2b38.product-srv#flowable-async-job-executor-thread-35330#
[PollStartAppStatusExecution] 84556bbe-1d34-4871-9c5c-d66f80cf69c4 [2026-06-13T13:03:19.436736] Invoking start command. (STDOUT, APP/PROC/WEB)#
#2026 06 13 13:03:25.477#Z#DEBUG#f52eb3fc-6727-11f1-bc0c-eeee0a9c2b38.product-srv#flowable-async-job-executor-thread-35330#
[PollStartAppStatusExecution] 84556bbe-1d34-4871-9c5c-d66f80cf69c4 [2026-06-13T13:03:19.929113] > product@1.0.0 start (STDOUT, APP/PROC/WEB)#
#2026 06 13 13:03:25.477#Z#DEBUG#f52eb3fc-6727-11f1-bc0c-eeee0a9c2b38.product-srv#flowable-async-job-executor-thread-35330#
[PollStartAppStatusExecution] 84556bbe-1d34-4871-9c5c-d66f80cf69c4 [2026-06-13T13:03:19.929149] > cds watch (STDOUT, APP/PROC/WEB)#
#2026 06 13 13:03:25.477#Z#DEBUG#f52eb3fc-6727-11f1-bc0c-eeee0a9c2b38.product-srv#flowable-async-job-executor-thread-35330#
[PollStartAppStatusExecution] 84556bbe-1d34-4871-9c5c-d66f80cf69c4 [2026-06-13T13:03:19.936582] sh: 1: cds: not found (STDERR, APP/PROC/WEB)#
#2026 06 13 13:03:25.477#Z#DEBUG#f52eb3fc-6727-11f1-bc0c-eeee0a9c2b38.product-srv#flowable-async-job-executor-thread-35330#
[PollStartAppStatusExecution] 84556bbe-1d34-4871-9c5c-d66f80cf69c4 [2026-06-13T13:03:20.011927] Exit status 127 (STDOUT, APP/PROC/WEB)#
#2026 06 13 13:03:35.489#Z#DEBUG#f52eb3fc-6727-11f1-bc0c-eeee0a9c2b38.product-srv#flowable-async-job-executor-thread-35335#
[PollStartAppStatusExecution] 84556bbe-1d34-4871-9c5c-d66f80cf69c4 [2026-06-13T13:03:26.622238] Cell 684caff8-89cd-492b-be01-b3d0835f1763 stopping instance b48f4ffc-d8f3-4ba2-7a11-56f1 (STDOUT, CELL)#
#2026 06 13 13:03:35.489#Z#DEBUG#f52eb3fc-6727-11f1-bc0c-eeee0a9c2b38.product-srv#flowable-async-job-executor-thread-35335#
[PollStartAppStatusExecution] 84556bbe-1d34-4871-9c5c-d66f80cf69c4 [2026-06-13T13:03:26.622278] Cell 684caff8-89cd-492b-be01-b3d0835f1763 destroying container for instance b48f4ffc-d8f3-4ba2-7a11-56f1 (STDOUT, CELL)#
#2026 06 13 13:03:35.489#Z#DEBUG#f52eb3fc-6727-11f1-bc0c-eeee0a9c2b38.product-srv#flowable-async-job-executor-thread-35335#
[PollStartAppStatusExecution] 84556bbe-1d34-4871-9c5c-d66f80cf69c4 [2026-06-13T13:03:26.625433] Process has crashed with type: "web" (STDOUT, API)#
#2026 06 13 13:03:35.489#Z#DEBUG#f52eb3fc-6727-11f1-bc0c-eeee0a9c2b38.product-srv#flowable-async-job-executor-thread-35335#
[PollStartAppStatusExecution] 84556bbe-1d34-4871-9c5c-d66f80cf69c4 [2026-06-13T13:03:26.639025] App instance exited with guid 84556bbe-1d34-4871-9c5c-d66f80cf69c4 payload: {"instance"=>"b48f4ffc-d8f3-4ba2-7a11-56f1", "index"=>0, "cell_id"=>"684caff8-89cd-492b-be01-b3d0835f1763", "reason"=>"CRASHED", "exit_description"=>"APP/PROC/WEB: Exited with status 127", "crash_count"=>2, "crash_timestamp"=>1781355806600224222, "version"=>"4d4bd4ff-d584-45e7-9b9b-aa6be3fbe6a8"} (STDOUT, API)#
#2026 06 13 13:03:35.489#Z#DEBUG#f52eb3fc-6727-11f1-bc0c-eeee0a9c2b38.product-srv#flowable-async-job-executor-thread-35335#
[PollStartAppStatusExecution] 84556bbe-1d34-4871-9c5c-d66f80cf69c4 [2026-06-13T13:03:26.741161] Cell 77283d80-dfa7-40ba-ba4e-265aef112085 creating container for instance 47a452a2-1f94-483b-6cf1-84f3 (STDOUT, CELL)#
#2026 06 13 13:03:35.489#Z#DEBUG#f52eb3fc-6727-11f1-bc0c-eeee0a9c2b38.product-srv#flowable-async-job-executor-thread-35335#
[PollStartAppStatusExecution] 84556bbe-1d34-4871-9c5c-d66f80cf69c4 [2026-06-13T13:03:26.796129] Exit status 137 (STDOUT, PROXY)#
#2026 06 13 13:03:35.489#Z#DEBUG#f52eb3fc-6727-11f1-bc0c-eeee0a9c2b38.product-srv#flowable-async-job-executor-thread-35335#
[PollStartAppStatusExecution] 84556bbe-1d34-4871-9c5c-d66f80cf69c4 [2026-06-13T13:03:27.611194] Security group rules were updated (STDOUT, CELL)#
#2026 06 13 13:03:35.489#Z#DEBUG#f52eb3fc-6727-11f1-bc0c-eeee0a9c2b38.product-srv#flowable-async-job-executor-thread-35335#
[PollStartAppStatusExecution] 84556bbe-1d34-4871-9c5c-d66f80cf69c4 [2026-06-13T13:03:27.708440] Cell 77283d80-dfa7-40ba-ba4e-265aef112085 successfully created container for instance 47a452a2-1f94-483b-6cf1-84f3 (STDOUT, CELL)#
#2026 06 13 13:03:35.489#Z#DEBUG#f52eb3fc-6727-11f1-bc0c-eeee0a9c2b38.product-srv#flowable-async-job-executor-thread-35335#
[PollStartAppStatusExecution] 84556bbe-1d34-4871-9c5c-d66f80cf69c4 [2026-06-13T13:03:28.842156] Downloading droplet... (STDOUT, CELL)#
#2026 06 13 13:03:35.489#Z#DEBUG#f52eb3fc-6727-11f1-bc0c-eeee0a9c2b38.product-srv#flowable-async-job-executor-thread-35335#
[PollStartAppStatusExecution] 84556bbe-1d34-4871-9c5c-d66f80cf69c4 [2026-06-13T13:03:29.115691] Cell 684caff8-89cd-492b-be01-b3d0835f1763 successfully destroyed container for instance b48f4ffc-d8f3-4ba2-7a11-56f1 (STDOUT, CELL)#
#2026 06 13 13:03:35.489#Z#DEBUG#f52eb3fc-6727-11f1-bc0c-eeee0a9c2b38.product-srv#flowable-async-job-executor-thread-35335#
[PollStartAppStatusExecution] 84556bbe-1d34-4871-9c5c-d66f80cf69c4 [2026-06-13T13:03:30.989084] Downloaded droplet (STDOUT, CELL)#
#2026 06 13 13:03:35.489#Z#DEBUG#f52eb3fc-6727-11f1-bc0c-eeee0a9c2b38.product-srv#flowable-async-job-executor-thread-35335#
[PollStartAppStatusExecution] 84556bbe-1d34-4871-9c5c-d66f80cf69c4 [2026-06-13T13:03:30.989273] Starting health monitoring of container (STDOUT, CELL)#
#2026 06 13 13:03:35.489#Z#DEBUG#f52eb3fc-6727-11f1-bc0c-eeee0a9c2b38.product-srv#flowable-async-job-executor-thread-35335#
[PollStartAppStatusExecution] 84556bbe-1d34-4871-9c5c-d66f80cf69c4 [2026-06-13T13:03:31.137573] Invoking pre-start scripts. (STDOUT, APP/PROC/WEB)#
#2026 06 13 13:03:35.489#Z#DEBUG#f52eb3fc-6727-11f1-bc0c-eeee0a9c2b38.product-srv#flowable-async-job-executor-thread-35335#
[PollStartAppStatusExecution] 84556bbe-1d34-4871-9c5c-d66f80cf69c4 [2026-06-13T13:03:31.367289] Invoking start command. (STDOUT, APP/PROC/WEB)#
#2026 06 13 13:03:35.489#Z#DEBUG#f52eb3fc-6727-11f1-bc0c-eeee0a9c2b38.product-srv#flowable-async-job-executor-thread-35335#
[PollStartAppStatusExecution] 84556bbe-1d34-4871-9c5c-d66f80cf69c4 [2026-06-13T13:03:31.877643] > product@1.0.0 start (STDOUT, APP/PROC/WEB)#
#2026 06 13 13:03:35.489#Z#DEBUG#f52eb3fc-6727-11f1-bc0c-eeee0a9c2b38.product-srv#flowable-async-job-executor-thread-35335#
[PollStartAppStatusExecution] 84556bbe-1d34-4871-9c5c-d66f80cf69c4 [2026-06-13T13:03:31.877680] > cds watch (STDOUT, APP/PROC/WEB)#
#2026 06 13 13:03:35.489#Z#DEBUG#f52eb3fc-6727-11f1-bc0c-eeee0a9c2b38.product-srv#flowable-async-job-executor-thread-35335#
[PollStartAppStatusExecution] 84556bbe-1d34-4871-9c5c-d66f80cf69c4 [2026-06-13T13:03:31.884210] sh: 1: cds: not found (STDERR, APP/PROC/WEB)#
#2026 06 13 13:03:35.489#Z#DEBUG#f52eb3fc-6727-11f1-bc0c-eeee0a9c2b38.product-srv#flowable-async-job-executor-thread-35335#
[PollStartAppStatusExecution] 84556bbe-1d34-4871-9c5c-d66f80cf69c4 [2026-06-13T13:03:31.971481] Exit status 127 (STDOUT, APP/PROC/WEB)#
#2026 06 13 13:03:45.504#Z#DEBUG#f52eb3fc-6727-11f1-bc0c-eeee0a9c2b38.product-srv#flowable-async-job-executor-thread-35340#
[PollStartAppStatusExecution] 84556bbe-1d34-4871-9c5c-d66f80cf69c4 [2026-06-13T13:03:38.853667] Cell 77283d80-dfa7-40ba-ba4e-265aef112085 stopping instance 47a452a2-1f94-483b-6cf1-84f3 (STDOUT, CELL)#
#2026 06 13 13:03:45.504#Z#DEBUG#f52eb3fc-6727-11f1-bc0c-eeee0a9c2b38.product-srv#flowable-async-job-executor-thread-35340#
[PollStartAppStatusExecution] 84556bbe-1d34-4871-9c5c-d66f80cf69c4 [2026-06-13T13:03:38.853711] Cell 77283d80-dfa7-40ba-ba4e-265aef112085 destroying container for instance 47a452a2-1f94-483b-6cf1-84f3 (STDOUT, CELL)#
#2026 06 13 13:03:45.504#Z#DEBUG#f52eb3fc-6727-11f1-bc0c-eeee0a9c2b38.product-srv#flowable-async-job-executor-thread-35340#
[PollStartAppStatusExecution] 84556bbe-1d34-4871-9c5c-d66f80cf69c4 [2026-06-13T13:03:38.872873] Process has crashed with type: "web" (STDOUT, API)#
#2026 06 13 13:03:45.504#Z#DEBUG#f52eb3fc-6727-11f1-bc0c-eeee0a9c2b38.product-srv#flowable-async-job-executor-thread-35340#
[PollStartAppStatusExecution] 84556bbe-1d34-4871-9c5c-d66f80cf69c4 [2026-06-13T13:03:38.885403] App instance exited with guid 84556bbe-1d34-4871-9c5c-d66f80cf69c4 payload: {"instance"=>"47a452a2-1f94-483b-6cf1-84f3", "index"=>0, "cell_id"=>"77283d80-dfa7-40ba-ba4e-265aef112085", "reason"=>"CRASHED", "exit_description"=>"APP/PROC/WEB: Exited with status 127", "crash_count"=>3, "crash_timestamp"=>1781355818849974729, "version"=>"4d4bd4ff-d584-45e7-9b9b-aa6be3fbe6a8"} (STDOUT, API)#
#2026 06 13 13:03:45.504#Z#DEBUG#f52eb3fc-6727-11f1-bc0c-eeee0a9c2b38.product-srv#flowable-async-job-executor-thread-35340#
[PollStartAppStatusExecution] 84556bbe-1d34-4871-9c5c-d66f80cf69c4 [2026-06-13T13:03:39.033817] Exit status 137 (STDOUT, PROXY)#
#2026 06 13 13:03:45.504#Z#DEBUG#f52eb3fc-6727-11f1-bc0c-eeee0a9c2b38.product-srv#flowable-async-job-executor-thread-35340#
[PollStartAppStatusExecution] 84556bbe-1d34-4871-9c5c-d66f80cf69c4 [2026-06-13T13:03:41.511600] Cell 77283d80-dfa7-40ba-ba4e-265aef112085 successfully destroyed container for instance 47a452a2-1f94-483b-6cf1-84f3 (STDOUT, CELL)#
